../Core/Src/main.c:126:13:sd_basic_test	616	static
../Core/Src/main.c:149:13:ApplySwitch	24	static
../Core/Src/main.c:163:13:Nextion_ParseByte	16	static
../Core/Src/main.c:226:6:NEXTION_SendTemp	80	static
../Core/Src/main.c:234:6:NEXTION_SendPressure	80	static
../Core/Src/main.c:243:6:NEXTION_SendMsg	72	static
../Core/Src/main.c:252:6:NEXTION_GotoPage	56	static
../Core/Src/main.c:260:7:CalculateTemp	40	static
../Core/Src/main.c:276:7:CalculatePressure	32	static
../Core/Src/main.c:298:7:CalculateFuelQuantity	32	static
../Core/Src/main.c:321:5:main	16	static
../Core/Src/main.c:477:6:SystemClock_Config	88	static
../Core/Src/main.c:524:13:MX_ADC1_Init	24	static
../Core/Src/main.c:585:13:MX_SPI2_Init	8	static
../Core/Src/main.c:623:13:MX_USART1_UART_Init	8	static
../Core/Src/main.c:656:13:MX_USART2_UART_Init	8	static
../Core/Src/main.c:687:13:MX_DMA_Init	16	static
../Core/Src/main.c:705:13:MX_GPIO_Init	48	static
../Core/Src/main.c:738:6:HAL_UART_RxCpltCallback	16	static
../Core/Src/main.c:757:6:Error_Handler	4	static,ignoring_inline_asm
