../Core/Src/main.c:170:13:ApplySwitch	5
../Core/Src/main.c:184:13:Nextion_ParseByte	12
../Core/Src/main.c:247:6:NEXTION_SendTemp	1
../Core/Src/main.c:255:6:NEXTION_SendPressure	1
../Core/Src/main.c:263:6:NEXTION_SendFuel	1
../Core/Src/main.c:272:6:NEXTION_SendMsg	1
../Core/Src/main.c:281:6:NEXTION_GotoPage	1
../Core/Src/main.c:289:7:CalculateTemp	1
../Core/Src/main.c:305:7:CalculatePressure	2
../Core/Src/main.c:327:7:CalculateFuelQuantity	1
../Core/Src/main.c:356:5:main	11
../Core/Src/main.c:524:6:SystemClock_Config	3
../Core/Src/main.c:571:13:MX_ADC1_Init	7
../Core/Src/main.c:660:13:MX_SPI2_Init	2
../Core/Src/main.c:698:13:MX_USART1_UART_Init	2
../Core/Src/main.c:731:13:MX_USART2_UART_Init	2
../Core/Src/main.c:762:13:MX_DMA_Init	1
../Core/Src/main.c:780:13:MX_GPIO_Init	1
../Core/Src/main.c:814:6:HAL_UART_RxCpltCallback	2
../Core/Src/main.c:833:6:Error_Handler	1
