../Core/Src/main.c:126:13:sd_basic_test	5
../Core/Src/main.c:149:13:ApplySwitch	5
../Core/Src/main.c:163:13:Nextion_ParseByte	12
../Core/Src/main.c:226:6:NEXTION_SendTemp	1
../Core/Src/main.c:234:6:NEXTION_SendPressure	1
../Core/Src/main.c:243:6:NEXTION_SendMsg	1
../Core/Src/main.c:252:6:NEXTION_GotoPage	1
../Core/Src/main.c:260:7:CalculateTemp	1
../Core/Src/main.c:276:7:CalculatePressure	2
../Core/Src/main.c:298:7:CalculateFuelQuantity	1
../Core/Src/main.c:321:5:main	11
../Core/Src/main.c:477:6:SystemClock_Config	3
../Core/Src/main.c:524:13:MX_ADC1_Init	4
../Core/Src/main.c:585:13:MX_SPI2_Init	2
../Core/Src/main.c:623:13:MX_USART1_UART_Init	2
../Core/Src/main.c:656:13:MX_USART2_UART_Init	2
../Core/Src/main.c:687:13:MX_DMA_Init	1
../Core/Src/main.c:705:13:MX_GPIO_Init	1
../Core/Src/main.c:738:6:HAL_UART_RxCpltCallback	2
../Core/Src/main.c:757:6:Error_Handler	1
