../Core/Src/sd_spi.c:16:20:SD_CS_LOW	8	static
../Core/Src/sd_spi.c:17:20:SD_CS_HIGH	8	static
../Core/Src/sd_spi.c:21:16:spi_txrx	32	static
../Core/Src/sd_spi.c:28:13:spi_clock_dummy	16	static
../Core/Src/sd_spi.c:34:16:wait_ready	24	static
../Core/Src/sd_spi.c:46:16:recv_data_block	40	static
../Core/Src/sd_spi.c:70:16:xmit_data_block	24	static
../Core/Src/sd_spi.c:103:16:send_cmd	24	static
../Core/Src/sd_spi.c:143:9:sd_spi_get_type	4	static
../Core/Src/sd_spi.c:145:13:sd_spi_init	32	static
../Core/Src/sd_spi.c:199:13:sd_spi_read_sectors	32	static
../Core/Src/sd_spi.c:229:13:sd_spi_write_sectors	32	static
